EN ripple_carry_adder NULL "F:/Training/Synthesis/Adders/Ripple Carry Adder/Rca_with_FA_modules/Rca.vhd" sub00/vhpl02 1467902371
AR ripple_carry_adder rca "F:/Training/Synthesis/Adders/Ripple Carry Adder/Rca_with_FA_modules/Rca.vhd" sub00/vhpl03 1467902372
EN full_adder NULL "F:/Training/Synthesis/Adders/Ripple Carry Adder/Rca_with_FA_modules/Full_Adder.vhd" sub00/vhpl00 1467902369
AR full_adder add "F:/Training/Synthesis/Adders/Ripple Carry Adder/Rca_with_FA_modules/Full_Adder.vhd" sub00/vhpl01 1467902370
