V3 9
FL "F:/Training/Synthesis/Adders/Ripple Carry Adder/Rca_with_FA_modules/Full_Adder.vhd" 2016/06/28.09:23:04 P.20131013
EN work/full_adder 1467902369 \
      FL "F:/Training/Synthesis/Adders/Ripple Carry Adder/Rca_with_FA_modules/Full_Adder.vhd" \
      PB ieee/std_logic_1164 1381692176
AR work/full_adder/add 1467902370 \
      FL "F:/Training/Synthesis/Adders/Ripple Carry Adder/Rca_with_FA_modules/Full_Adder.vhd" \
      EN work/full_adder 1467902369
FL "F:/Training/Synthesis/Adders/Ripple Carry Adder/Rca_with_FA_modules/Rca.vhd" 2016/06/28.09:25:06 P.20131013
EN work/ripple_carry_adder 1467902371 \
      FL "F:/Training/Synthesis/Adders/Ripple Carry Adder/Rca_with_FA_modules/Rca.vhd" \
      PB ieee/std_logic_1164 1381692176
AR work/ripple_carry_adder/rca 1467902372 \
      FL "F:/Training/Synthesis/Adders/Ripple Carry Adder/Rca_with_FA_modules/Rca.vhd" \
      EN work/ripple_carry_adder 1467902371 CP full_adder
FL "F:/VHDL/Adders/Ripple Carry Adder/Rca_with_FA_modules/Full_Adder.vhd" 2016/06/28.09:23:03 P.20131013
FL "F:/VHDL/Adders/Ripple Carry Adder/Rca_with_FA_modules/Rca.vhd" 2016/06/28.09:25:05 P.20131013
