V3 14
FL "F:/Training/Synthesis/Adders/Carry Select Adder/Csla_with_modules/Csla.vhd" 2016/06/28.09:54:52 P.20131013
EN work/carry_select_adder 1467910910 \
      FL "F:/Training/Synthesis/Adders/Carry Select Adder/Csla_with_modules/Csla.vhd" \
      PB ieee/std_logic_1164 1381692176
AR work/carry_select_adder/csla 1467910911 \
      FL "F:/Training/Synthesis/Adders/Carry Select Adder/Csla_with_modules/Csla.vhd" \
      EN work/carry_select_adder 1467910910 CP full_adder CP multiplexer
FL "F:/Training/Synthesis/Adders/Carry Select Adder/Csla_with_modules/Full_Adder.vhd" 2016/06/28.09:53:26 P.20131013
EN work/full_adder 1467910906 \
      FL "F:/Training/Synthesis/Adders/Carry Select Adder/Csla_with_modules/Full_Adder.vhd" \
      PB ieee/std_logic_1164 1381692176
AR work/full_adder/add 1467910907 \
      FL "F:/Training/Synthesis/Adders/Carry Select Adder/Csla_with_modules/Full_Adder.vhd" \
      EN work/full_adder 1467910906
FL "F:/Training/Synthesis/Adders/Carry Select Adder/Csla_with_modules/Multiplexer.vhd" 2016/06/28.09:54:04 P.20131013
EN work/multiplexer 1467910908 \
      FL "F:/Training/Synthesis/Adders/Carry Select Adder/Csla_with_modules/Multiplexer.vhd" \
      PB ieee/std_logic_1164 1381692176
AR work/multiplexer/selection 1467910909 \
      FL "F:/Training/Synthesis/Adders/Carry Select Adder/Csla_with_modules/Multiplexer.vhd" \
      EN work/multiplexer 1467910908
FL "F:/VHDL/Adders/Carry Select Adder/Csla_with_modules/Csla.vhd" 2016/06/28.09:54:51 P.20131013
FL "F:/VHDL/Adders/Carry Select Adder/Csla_with_modules/Full_Adder.vhd" 2016/06/28.09:53:25 P.20131013
FL "F:/VHDL/Adders/Carry Select Adder/Csla_with_modules/Multiplexer.vhd" 2016/06/28.09:54:02 P.20131013
