V3 14
FL "F:/Training/Synthesis/Adders/Carry Look Ahead Adder/Cla_with_cascading/Cla.vhd" 2016/06/28.09:47:14 P.20131013
EN work/cla_adder 1468146441 \
      FL "F:/Training/Synthesis/Adders/Carry Look Ahead Adder/Cla_with_cascading/Cla.vhd" \
      PB ieee/std_logic_1164 1381692176
AR work/cla_adder/cla 1468146442 \
      FL "F:/Training/Synthesis/Adders/Carry Look Ahead Adder/Cla_with_cascading/Cla.vhd" \
      EN work/cla_adder 1468146441 CP cla_block
FL "F:/Training/Synthesis/Adders/Carry Look Ahead Adder/Cla_with_cascading/Cla_Logic.vhd" 2016/06/28.09:44:32 P.20131013
EN work/cla_block 1468146439 \
      FL "F:/Training/Synthesis/Adders/Carry Look Ahead Adder/Cla_with_cascading/Cla_Logic.vhd" \
      PB ieee/std_logic_1164 1381692176
AR work/cla_block/logic 1468146440 \
      FL "F:/Training/Synthesis/Adders/Carry Look Ahead Adder/Cla_with_cascading/Cla_Logic.vhd" \
      EN work/cla_block 1468146439
FL "F:/Training/Synthesis/Adders/Carry Look Ahead Adder/Cla_with_cascading/Top_Module.vhd" 2016/06/28.09:45:46 P.20131013
EN work/top_mod 1468146443 \
      FL "F:/Training/Synthesis/Adders/Carry Look Ahead Adder/Cla_with_cascading/Top_Module.vhd" \
      PB ieee/std_logic_1164 1381692176
AR work/top_mod/logic 1468146444 \
      FL "F:/Training/Synthesis/Adders/Carry Look Ahead Adder/Cla_with_cascading/Top_Module.vhd" \
      EN work/top_mod 1468146443 CP cla_adder
FL "F:/VHDL/Adders/Carry Look Ahead Adder/Cla_with_cascading/Cla.vhd" 2016/06/28.09:47:12 P.20131013
FL "F:/VHDL/Adders/Carry Look Ahead Adder/Cla_with_cascading/Cla_Logic.vhd" 2016/06/28.09:44:31 P.20131013
FL "F:/VHDL/Adders/Carry Look Ahead Adder/Cla_with_cascading/Top_Module.vhd" 2016/06/28.09:45:44 P.20131013
