EN multiplexer NULL G:/Project/VHDL/Workplace/Adders/Raw/Cska/cska16_supercascaded/Multiplexer.vhd sub00/vhpl02 1467181134
AR carry_skip_adder cska G:/Project/VHDL/Workplace/Adders/Raw/Cska/cska16_supercascaded/Cska.vhd sub00/vhpl05 1467181137
EN top_mod NULL G:/Project/VHDL/Workplace/Adders/Raw/Cska/cska16_supercascaded/Top_Module.vhd sub00/vhpl08 1467181138
EN prop_logic NULL "F:/VHDL/Adders/Carry Skip Adder/Csa_16bit/Propagation.vhd" sub00/vhpl00 1467178118
AR u_mod super G:/Project/VHDL/Workplace/Adders/Raw/Cska/cska16_supercascaded/Super_Module.vhd sub00/vhpl11 1467181141
AR prop_logic logic "F:/VHDL/Adders/Carry Skip Adder/Csa_16bit/Propagation.vhd" sub00/vhpl01 1467178119
EN full_adder NULL G:/Project/VHDL/Workplace/Adders/Raw/Cska/cska16_supercascaded/remote_sources/_/_/csla/Csla/Full_Adder.vhd sub00/vhpl06 1467181132
AR multiplexer selection G:/Project/VHDL/Workplace/Adders/Raw/Cska/cska16_supercascaded/Multiplexer.vhd sub00/vhpl03 1467181135
EN u_mod NULL G:/Project/VHDL/Workplace/Adders/Raw/Cska/cska16_supercascaded/Super_Module.vhd sub00/vhpl10 1467181140
AR full_adder add G:/Project/VHDL/Workplace/Adders/Raw/Cska/cska16_supercascaded/remote_sources/_/_/csla/Csla/Full_Adder.vhd sub00/vhpl07 1467181133
AR top_mod cska_logic G:/Project/VHDL/Workplace/Adders/Raw/Cska/cska16_supercascaded/Top_Module.vhd sub00/vhpl09 1467181139
EN carry_skip_adder NULL G:/Project/VHDL/Workplace/Adders/Raw/Cska/cska16_supercascaded/Cska.vhd sub00/vhpl04 1467181136
