V3 31
FL "F:/VHDL/Adders/Carry Skip Adder/Csa_16bit/Cska.vhd" 2016/06/29.10:58:10 P.20131013
FL "F:/VHDL/Adders/Carry Skip Adder/Csa_16bit/Multiplexer.vhd" 2016/06/29.09:49:41 P.20131013
FL "F:/VHDL/Adders/Carry Skip Adder/Csa_16bit/Propagation.vhd" 2016/06/29.09:59:43 P.20131013
EN work/prop_logic 1467178118 \
      FL "F:/VHDL/Adders/Carry Skip Adder/Csa_16bit/Propagation.vhd" \
      PB ieee/std_logic_1164 1381692176
AR work/prop_logic/logic 1467178119 \
      FL "F:/VHDL/Adders/Carry Skip Adder/Csa_16bit/Propagation.vhd" \
      EN work/prop_logic 1467178118
FL "F:/VHDL/Adders/Carry Skip Adder/Cska_with_mux/Cska.vhd" 2016/06/29.10:21:07 P.20131013
FL "F:/VHDL/Adders/Carry Skip Adder/Cska_with_mux/Multiplexer.vhd" 2016/06/29.09:49:41 P.20131013
FL "F:/VHDL/Adders/Carry Skip Adder/Cska_with_mux/Propagation.vhd" 2016/06/29.09:59:43 P.20131013
FL G:/Project/VHDL/Workplace/Adders/Raw/Cska/cska16_supercascaded/Cska.vhd 2016/06/29.11:21:49 P.20131013
EN work/carry_skip_adder 1467181136 \
      FL G:/Project/VHDL/Workplace/Adders/Raw/Cska/cska16_supercascaded/Cska.vhd \
      PB ieee/std_logic_1164 1381692176
AR work/carry_skip_adder/cska 1467181137 \
      FL G:/Project/VHDL/Workplace/Adders/Raw/Cska/cska16_supercascaded/Cska.vhd \
      EN work/carry_skip_adder 1467181136 CP full_adder CP multiplexer
FL G:/Project/VHDL/Workplace/Adders/Raw/Cska/cska16_supercascaded/Multiplexer.vhd 2016/06/29.09:49:41 P.20131013
EN work/multiplexer 1467181134 \
      FL G:/Project/VHDL/Workplace/Adders/Raw/Cska/cska16_supercascaded/Multiplexer.vhd \
      PB ieee/std_logic_1164 1381692176
AR work/multiplexer/selection 1467181135 \
      FL G:/Project/VHDL/Workplace/Adders/Raw/Cska/cska16_supercascaded/Multiplexer.vhd \
      EN work/multiplexer 1467181134
FL G:/Project/VHDL/Workplace/Adders/Raw/Cska/cska16_supercascaded/remote_sources/_/_/csla/Csla/Full_Adder.vhd 2016/06/29.11:15:20 P.20131013
EN work/full_adder 1467181132 \
      FL G:/Project/VHDL/Workplace/Adders/Raw/Cska/cska16_supercascaded/remote_sources/_/_/csla/Csla/Full_Adder.vhd \
      PB ieee/std_logic_1164 1381692176
AR work/full_adder/add 1467181133 \
      FL G:/Project/VHDL/Workplace/Adders/Raw/Cska/cska16_supercascaded/remote_sources/_/_/csla/Csla/Full_Adder.vhd \
      EN work/full_adder 1467181132
FL G:/Project/VHDL/Workplace/Adders/Raw/Cska/cska16_supercascaded/Super_Module.vhd 2016/06/29.11:48:50 P.20131013
EN work/u_mod 1467181140 \
      FL G:/Project/VHDL/Workplace/Adders/Raw/Cska/cska16_supercascaded/Super_Module.vhd \
      PB ieee/std_logic_1164 1381692176
AR work/u_mod/super 1467181141 \
      FL G:/Project/VHDL/Workplace/Adders/Raw/Cska/cska16_supercascaded/Super_Module.vhd \
      EN work/u_mod 1467181140 CP top_mod
FL G:/Project/VHDL/Workplace/Adders/Raw/Cska/cska16_supercascaded/Top_Module.vhd 2016/06/29.11:44:46 P.20131013
EN work/top_mod 1467181138 \
      FL G:/Project/VHDL/Workplace/Adders/Raw/Cska/cska16_supercascaded/Top_Module.vhd \
      PB ieee/std_logic_1164 1381692176
AR work/top_mod/cska_logic 1467181139 \
      FL G:/Project/VHDL/Workplace/Adders/Raw/Cska/cska16_supercascaded/Top_Module.vhd \
      EN work/top_mod 1467181138 CP carry_skip_adder
FL G:/Project/VHDL/Workplace/Adders/Raw/Cska/Cska_try/Cska.vhd 2016/06/29.11:21:49 P.20131013
FL G:/Project/VHDL/Workplace/Adders/Raw/Cska/Cska_try/Multiplexer.vhd 2016/06/29.09:49:41 P.20131013
FL G:/Project/VHDL/Workplace/Adders/Raw/Cska/Cska_try/Top_Module.vhd 2016/06/29.11:39:49 P.20131013
FL G:/Project/VHDL/Workplace/Adders/Raw/csla/Csla/Full_Adder.vhd 2016/06/29.11:15:20 P.20131013
