V3 7
FL "E:/Softwares/Xtesting/Vhdl Projects/Workplace/Adders/Csa_with_fa_modules/Csa.vhd" 2016/06/28.21:09:49 P.20131013
EN work/carry_save_adder 1467128395 \
      FL "E:/Softwares/Xtesting/Vhdl Projects/Workplace/Adders/Csa_with_fa_modules/Csa.vhd" \
      PB ieee/std_logic_1164 1381692176
AR work/carry_save_adder/csa 1467128396 \
      FL "E:/Softwares/Xtesting/Vhdl Projects/Workplace/Adders/Csa_with_fa_modules/Csa.vhd" \
      EN work/carry_save_adder 1467128395 CP full_adder
FL "E:/Softwares/Xtesting/Vhdl Projects/Workplace/Adders/Csa_with_fa_modules/Full_Adder.vhd" 2016/06/28.20:36:26 P.20131013
EN work/full_adder 1467128393 \
      FL "E:/Softwares/Xtesting/Vhdl Projects/Workplace/Adders/Csa_with_fa_modules/Full_Adder.vhd" \
      PB ieee/std_logic_1164 1381692176
AR work/full_adder/add 1467128394 \
      FL "E:/Softwares/Xtesting/Vhdl Projects/Workplace/Adders/Csa_with_fa_modules/Full_Adder.vhd" \
      EN work/full_adder 1467128393
