EN cla_block NULL "F:/VHDL/Adders/Carry Look Ahead Adder/Cla_with_cascading/Cla_Logic.vhd" sub00/vhpl00 1467087452
EN top_mod NULL "F:/VHDL/Adders/Carry Look Ahead Adder/Cla_with_cascading/Top_Module.vhd" sub00/vhpl04 1467087456
EN cla_adder NULL "F:/VHDL/Adders/Carry Look Ahead Adder/Cla_with_cascading/Cla.vhd" sub00/vhpl02 1467087454
AR cla_adder cla "F:/VHDL/Adders/Carry Look Ahead Adder/Cla_with_cascading/Cla.vhd" sub00/vhpl03 1467087455
AR top_mod logic "F:/VHDL/Adders/Carry Look Ahead Adder/Cla_with_cascading/Top_Module.vhd" sub00/vhpl05 1467087457
AR cla_block logic "F:/VHDL/Adders/Carry Look Ahead Adder/Cla_with_cascading/Cla_Logic.vhd" sub00/vhpl01 1467087453
