V3 11
FL F:/VHDL/Multipliers/Wallace_Tree_Multiplier/Full_Adder.vhd 2016/06/19.22:09:52 P.20131013
EN work/full_adder 1467268346 \
      FL F:/VHDL/Multipliers/Wallace_Tree_Multiplier/Full_Adder.vhd \
      PB ieee/std_logic_1164 1381692176
AR work/full_adder/add 1467268347 \
      FL F:/VHDL/Multipliers/Wallace_Tree_Multiplier/Full_Adder.vhd \
      EN work/full_adder 1467268346
FL F:/VHDL/Multipliers/Wallace_Tree_Multiplier/Half_Adder.vhd 2016/06/19.22:10:08 P.20131013
EN work/half_adder 1467268344 \
      FL F:/VHDL/Multipliers/Wallace_Tree_Multiplier/Half_Adder.vhd \
      PB ieee/std_logic_1164 1381692176
AR work/half_adder/add 1467268345 \
      FL F:/VHDL/Multipliers/Wallace_Tree_Multiplier/Half_Adder.vhd \
      EN work/half_adder 1467268344
FL F:/VHDL/Multipliers/Wallace_Tree_Multiplier/Wallace_Tree_Multiplier.vhd 2016/06/21.00:36:17 P.20131013
EN work/wallace 1467268348 \
      FL F:/VHDL/Multipliers/Wallace_Tree_Multiplier/Wallace_Tree_Multiplier.vhd \
      PB ieee/std_logic_1164 1381692176
AR work/wallace/multiply 1467268349 \
      FL F:/VHDL/Multipliers/Wallace_Tree_Multiplier/Wallace_Tree_Multiplier.vhd \
      EN work/wallace 1467268348 CP half_adder CP full_adder
